
> backend@0.0.1 test
> jest

node.exe : FAIL src/subscription/subscription.service.spec.ts (13.586 s)
At line:1 char:1
+ & "C:\Program Files\nodejs/node.exe" "C:\Program Files\nodejs/node_mo ...
+ ~~~~~~~~~~~~~~~~~~~~~~~~~~~~~~~~~~~~~~~~~~~~~~~~~~~~~~~~~~~~~~~~~~~~~
    + CategoryInfo          : NotSpecified: (FAIL src/subscr...c.ts (13.58 
   6 s):String) [], RemoteException
    + FullyQualifiedErrorId : NativeCommandError
 
  ΓùÅ SubscriptionService ΓÇ║ checkSubscriptionExpiration ΓÇ║ should 
return not expired for active subscription

    HttpException: Error checking subscription expiration: 
this.prisma.subscription.findFirst is not a function

    [0m [90m 155 |[39m     } [36mcatch[39m (error[33m:[39m unknown) 
{
     [90m 156 |[39m       [36mconst[39m message [33m=[39m error 
[36minstanceof[39m [33mError[39m [33m?[39m error[33m.[39mmessage 
[33m:[39m [33mString[39m(error)[33m;[39m
    [31m[1m>[22m[39m[90m 157 |[39m       [36mthrow[39m 
[36mnew[39m [33mHttpException[39m(
     [90m     |[39m             [31m[1m^[22m[39m
     [90m 158 |[39m         [32m`Error checking subscription 
expiration: ${message}`[39m[33m,[39m
     [90m 159 |[39m         
[33mHttpStatus[39m[33m.[39m[33mINTERNAL_SERVER_ERROR[39m[33m,[39m
     [90m 160 |[39m       )[33m;[39m[0m

      at SubscriptionService.checkSubscriptionExpiration 
(subscription/subscription.service.ts:157:13)
      at Object.<anonymous> 
(subscription/subscription.service.spec.ts:162:36)

  ΓùÅ SubscriptionService ΓÇ║ checkSubscriptionExpiration ΓÇ║ should mark 
subscription as expired when past billing date

    HttpException: Error checking subscription expiration: 
this.prisma.subscription.findFirst is not a function

    [0m [90m 155 |[39m     } [36mcatch[39m (error[33m:[39m unknown) 
{
     [90m 156 |[39m       [36mconst[39m message [33m=[39m error 
[36minstanceof[39m [33mError[39m [33m?[39m error[33m.[39mmessage 
[33m:[39m [33mString[39m(error)[33m;[39m
    [31m[1m>[22m[39m[90m 157 |[39m       [36mthrow[39m 
[36mnew[39m [33mHttpException[39m(
     [90m     |[39m             [31m[1m^[22m[39m
     [90m 158 |[39m         [32m`Error checking subscription 
expiration: ${message}`[39m[33m,[39m
     [90m 159 |[39m         
[33mHttpStatus[39m[33m.[39m[33mINTERNAL_SERVER_ERROR[39m[33m,[39m
     [90m 160 |[39m       )[33m;[39m[0m

      at SubscriptionService.checkSubscriptionExpiration 
(subscription/subscription.service.ts:157:13)
      at Object.<anonymous> 
(subscription/subscription.service.spec.ts:180:36)

  ΓùÅ SubscriptionService ΓÇ║ checkSubscriptionExpiration ΓÇ║ should 
handle case with no subscription

    HttpException: Error checking subscription expiration: 
this.prisma.subscription.findFirst is not a function

    [0m [90m 155 |[39m     } [36mcatch[39m (error[33m:[39m unknown) 
{
     [90m 156 |[39m       [36mconst[39m message [33m=[39m error 
[36minstanceof[39m [33mError[39m [33m?[39m error[33m.[39mmessage 
[33m:[39m [33mString[39m(error)[33m;[39m
    [31m[1m>[22m[39m[90m 157 |[39m       [36mthrow[39m 
[36mnew[39m [33mHttpException[39m(
     [90m     |[39m             [31m[1m^[22m[39m
     [90m 158 |[39m         [32m`Error checking subscription 
expiration: ${message}`[39m[33m,[39m
     [90m 159 |[39m         
[33mHttpStatus[39m[33m.[39m[33mINTERNAL_SERVER_ERROR[39m[33m,[39m
     [90m 160 |[39m       )[33m;[39m[0m

      at SubscriptionService.checkSubscriptionExpiration 
(subscription/subscription.service.ts:157:13)
      at Object.<anonymous> 
(subscription/subscription.service.spec.ts:196:36)

  ΓùÅ SubscriptionService ΓÇ║ getNextPaymentInfo ΓÇ║ should return next 
payment info for active subscription

    HttpException: Error getting next payment info: 
this.prisma.subscription.findFirst is not a function

    [0m [90m 191 |[39m     } [36mcatch[39m (error[33m:[39m unknown) 
{
     [90m 192 |[39m       [36mconst[39m message [33m=[39m error 
[36minstanceof[39m [33mError[39m [33m?[39m error[33m.[39mmessage 
[33m:[39m [33mString[39m(error)[33m;[39m
    [31m[1m>[22m[39m[90m 193 |[39m       [36mthrow[39m 
[36mnew[39m [33mHttpException[39m(
     [90m     |[39m             [31m[1m^[22m[39m
     [90m 194 |[39m         [32m`Error getting next payment info: 
${message}`[39m[33m,[39m
     [90m 195 |[39m         
[33mHttpStatus[39m[33m.[39m[33mINTERNAL_SERVER_ERROR[39m[33m,[39m
     [90m 196 |[39m       )[33m;[39m[0m

      at SubscriptionService.getNextPaymentInfo 
(subscription/subscription.service.ts:193:13)
      at Object.<anonymous> 
(subscription/subscription.service.spec.ts:218:36)

  ΓùÅ SubscriptionService ΓÇ║ getNextPaymentInfo ΓÇ║ should return no 
subscription info when no subscription exists

    HttpException: Error getting next payment info: 
this.prisma.subscription.findFirst is not a function

    [0m [90m 191 |[39m     } [36mcatch[39m (error[33m:[39m unknown) 
{
     [90m 192 |[39m       [36mconst[39m message [33m=[39m error 
[36minstanceof[39m [33mError[39m [33m?[39m error[33m.[39mmessage 
[33m:[39m [33mString[39m(error)[33m;[39m
    [31m[1m>[22m[39m[90m 193 |[39m       [36mthrow[39m 
[36mnew[39m [33mHttpException[39m(
     [90m     |[39m             [31m[1m^[22m[39m
     [90m 194 |[39m         [32m`Error getting next payment info: 
${message}`[39m[33m,[39m
     [90m 195 |[39m         
[33mHttpStatus[39m[33m.[39m[33mINTERNAL_SERVER_ERROR[39m[33m,[39m
     [90m 196 |[39m       )[33m;[39m[0m

      at SubscriptionService.getNextPaymentInfo 
(subscription/subscription.service.ts:193:13)
      at Object.<anonymous> 
(subscription/subscription.service.spec.ts:237:36)

  ΓùÅ SubscriptionService ΓÇ║ getNextPaymentInfo ΓÇ║ should indicate 
overdue payment for past billing date

    HttpException: Error getting next payment info: 
this.prisma.subscription.findFirst is not a function

    [0m [90m 191 |[39m     } [36mcatch[39m (error[33m:[39m unknown) 
{
     [90m 192 |[39m       [36mconst[39m message [33m=[39m error 
[36minstanceof[39m [33mError[39m [33m?[39m error[33m.[39mmessage 
[33m:[39m [33mString[39m(error)[33m;[39m
    [31m[1m>[22m[39m[90m 193 |[39m       [36mthrow[39m 
[36mnew[39m [33mHttpException[39m(
     [90m     |[39m             [31m[1m^[22m[39m
     [90m 194 |[39m         [32m`Error getting next payment info: 
${message}`[39m[33m,[39m
     [90m 195 |[39m         
[33mHttpStatus[39m[33m.[39m[33mINTERNAL_SERVER_ERROR[39m[33m,[39m
     [90m 196 |[39m       )[33m;[39m[0m

      at SubscriptionService.getNextPaymentInfo 
(subscription/subscription.service.ts:193:13)
      at Object.<anonymous> 
(subscription/subscription.service.spec.ts:252:36)

  ΓùÅ SubscriptionService ΓÇ║ getUsageStats ΓÇ║ should return usage stats 
for user with workflows

    expect(received).toBe(expected) // Object.is equality

    Expected: 5
    Received: 25

    [0m [90m 279 |[39m
     [90m 280 |[39m       expect(result[33m.[39mworkflows[33m.[39muse
d)[33m.[39mtoBe([35m3[39m)[33m;[39m
    [31m[1m>[22m[39m[90m 281 |[39m       expect(result[33m.[39mwork
flows[33m.[39mlimit)[33m.[39mtoBe([35m5[39m)[33m;[39m
     [90m     |[39m                                      
[31m[1m^[22m[39m
     [90m 282 |[39m       expect(result[33m.[39mworkflows[33m.[39mper
centage)[33m.[39mtoBe([35m60[39m)[33m;[39m
     [90m 283 |[39m       
expect(result[33m.[39mversionHistory)[33m.[39mtoBeDefined()[33m;[39m
     [90m 284 |[39m       
expect(result[33m.[39mteamMembers)[33m.[39mtoBeDefined()[33m;[39m[0m

      at Object.<anonymous> 
(subscription/subscription.service.spec.ts:281:38)

FAIL src/auth/auth.service.spec.ts (13.936 s)
  ΓùÅ AuthService ΓÇ║ should be defined

    Nest can't resolve dependencies of the AuthService (?, UserService, 
JwtService, UserSignupService). Please make sure that the argument 
PrismaService at index [0] is available in the RootTestModule context.

    Potential solutions:
    - Is RootTestModule a valid NestJS module?
    - If PrismaService is a provider, is it part of the current 
RootTestModule?
    - If PrismaService is exported from a separate @Module, is that module 
imported within RootTestModule?
      @Module({
        imports: [ /* the Module containing PrismaService */ ]
      })

    [0m [90m  6 |[39m
     [90m  7 |[39m   beforeEach([36masync[39m () [33m=>[39m {
    [31m[1m>[22m[39m[90m  8 |[39m     [36mconst[39m 
module[33m:[39m [33mTestingModule[39m [33m=[39m [36mawait[39m 
[33mTest[39m[33m.[39mcreateTestingModule({
     [90m    |[39m                                   [31m[1m^[22m[39m
     [90m  9 |[39m       providers[33m:[39m 
[[33mAuthService[39m][33m,[39m
     [90m 10 |[39m     })[33m.[39mcompile()[33m;[39m
     [90m 11 |[39m[0m

      at TestingInjector.lookupComponentInParentModules 
(../node_modules/@nestjs/core/injector/injector.js:262:19)
      at TestingInjector.resolveComponentInstance 
(../node_modules/@nestjs/core/injector/injector.js:215:33)
      at TestingInjector.resolveComponentInstance 
(../node_modules/@nestjs/testing/testing-injector.js:19:45)
      at resolveParam 
(../node_modules/@nestjs/core/injector/injector.js:129:38)
          at async Promise.all (index 0)
      at TestingInjector.resolveConstructorParams 
(../node_modules/@nestjs/core/injector/injector.js:144:27)
      at TestingInjector.loadInstance 
(../node_modules/@nestjs/core/injector/injector.js:70:13)
      at TestingInjector.loadProvider 
(../node_modules/@nestjs/core/injector/injector.js:98:9)
      at ../node_modules/@nestjs/core/injector/instance-loader.js:56:13
          at async Promise.all (index 3)
      at TestingInstanceLoader.createInstancesOfProviders 
(../node_modules/@nestjs/core/injector/instance-loader.js:55:9)
      at ../node_modules/@nestjs/core/injector/instance-loader.js:40:13
          at async Promise.all (index 1)
      at TestingInstanceLoader.createInstances 
(../node_modules/@nestjs/core/injector/instance-loader.js:39:9)
      at TestingInstanceLoader.createInstancesOfDependencies 
(../node_modules/@nestjs/core/injector/instance-loader.js:22:13)
      at TestingInstanceLoader.createInstancesOfDependencies 
(../node_modules/@nestjs/testing/testing-instance-loader.js:9:9)
      at TestingModuleBuilder.createInstancesOfDependencies 
(../node_modules/@nestjs/testing/testing-module.builder.js:118:9)
      at TestingModuleBuilder.compile 
(../node_modules/@nestjs/testing/testing-module.builder.js:74:9)
      at Object.<anonymous> (auth/auth.service.spec.ts:8:35)

FAIL src/webhook/webhook.service.spec.ts (14.46 s)
  ΓùÅ WebhookService ΓÇ║ should be defined

    Nest can't resolve dependencies of the WebhookService (?). Please make 
sure that the argument PrismaService at index [0] is available in the 
RootTestModule context.

    Potential solutions:
    - Is RootTestModule a valid NestJS module?
    - If PrismaService is a provider, is it part of the current 
RootTestModule?
    - If PrismaService is exported from a separate @Module, is that module 
imported within RootTestModule?
      @Module({
        imports: [ /* the Module containing PrismaService */ ]
      })

    [0m [90m  6 |[39m
     [90m  7 |[39m   beforeEach([36masync[39m () [33m=>[39m {
    [31m[1m>[22m[39m[90m  8 |[39m     [36mconst[39m 
module[33m:[39m [33mTestingModule[39m [33m=[39m [36mawait[39m 
[33mTest[39m[33m.[39mcreateTestingModule({
     [90m    |[39m                                   [31m[1m^[22m[39m
     [90m  9 |[39m       providers[33m:[39m 
[[33mWebhookService[39m][33m,[39m
     [90m 10 |[39m     })[33m.[39mcompile()[33m;[39m
     [90m 11 |[39m[0m

      at TestingInjector.lookupComponentInParentModules 
(../node_modules/@nestjs/core/injector/injector.js:262:19)
      at TestingInjector.resolveComponentInstance 
(../node_modules/@nestjs/core/injector/injector.js:215:33)
      at TestingInjector.resolveComponentInstance 
(../node_modules/@nestjs/testing/testing-injector.js:19:45)
      at resolveParam 
(../node_modules/@nestjs/core/injector/injector.js:129:38)
          at async Promise.all (index 0)
      at TestingInjector.resolveConstructorParams 
(../node_modules/@nestjs/core/injector/injector.js:144:27)
      at TestingInjector.loadInstance 
(../node_modules/@nestjs/core/injector/injector.js:70:13)
      at TestingInjector.loadProvider 
(../node_modules/@nestjs/core/injector/injector.js:98:9)
      at ../node_modules/@nestjs/core/injector/instance-loader.js:56:13
          at async Promise.all (index 3)
      at TestingInstanceLoader.createInstancesOfProviders 
(../node_modules/@nestjs/core/injector/instance-loader.js:55:9)
      at ../node_modules/@nestjs/core/injector/instance-loader.js:40:13
          at async Promise.all (index 1)
      at TestingInstanceLoader.createInstances 
(../node_modules/@nestjs/core/injector/instance-loader.js:39:9)
      at TestingInstanceLoader.createInstancesOfDependencies 
(../node_modules/@nestjs/core/injector/instance-loader.js:22:13)
      at TestingInstanceLoader.createInstancesOfDependencies 
(../node_modules/@nestjs/testing/testing-instance-loader.js:9:9)
      at TestingModuleBuilder.createInstancesOfDependencies 
(../node_modules/@nestjs/testing/testing-module.builder.js:118:9)
      at TestingModuleBuilder.compile 
(../node_modules/@nestjs/testing/testing-module.builder.js:74:9)
      at Object.<anonymous> (webhook/webhook.service.spec.ts:8:35)

FAIL src/user/user.service.spec.ts
  ΓùÅ UserService ΓÇ║ should be defined

    Nest can't resolve dependencies of the UserService (?). Please make 
sure that the argument PrismaService at index [0] is available in the 
RootTestModule context.

    Potential solutions:
    - Is RootTestModule a valid NestJS module?
    - If PrismaService is a provider, is it part of the current 
RootTestModule?
    - If PrismaService is exported from a separate @Module, is that module 
imported within RootTestModule?
      @Module({
        imports: [ /* the Module containing PrismaService */ ]
      })

    [0m [90m  6 |[39m
     [90m  7 |[39m   beforeEach([36masync[39m () [33m=>[39m {
    [31m[1m>[22m[39m[90m  8 |[39m     [36mconst[39m 
module[33m:[39m [33mTestingModule[39m [33m=[39m [36mawait[39m 
[33mTest[39m[33m.[39mcreateTestingModule({
     [90m    |[39m                                   [31m[1m^[22m[39m
     [90m  9 |[39m       providers[33m:[39m 
[[33mUserService[39m][33m,[39m
     [90m 10 |[39m     })[33m.[39mcompile()[33m;[39m
     [90m 11 |[39m[0m

      at TestingInjector.lookupComponentInParentModules 
(../node_modules/@nestjs/core/injector/injector.js:262:19)
      at TestingInjector.resolveComponentInstance 
(../node_modules/@nestjs/core/injector/injector.js:215:33)
      at TestingInjector.resolveComponentInstance 
(../node_modules/@nestjs/testing/testing-injector.js:19:45)
      at resolveParam 
(../node_modules/@nestjs/core/injector/injector.js:129:38)
          at async Promise.all (index 0)
      at TestingInjector.resolveConstructorParams 
(../node_modules/@nestjs/core/injector/injector.js:144:27)
      at TestingInjector.loadInstance 
(../node_modules/@nestjs/core/injector/injector.js:70:13)
      at TestingInjector.loadProvider 
(../node_modules/@nestjs/core/injector/injector.js:98:9)
      at ../node_modules/@nestjs/core/injector/instance-loader.js:56:13
          at async Promise.all (index 3)
      at TestingInstanceLoader.createInstancesOfProviders 
(../node_modules/@nestjs/core/injector/instance-loader.js:55:9)
      at ../node_modules/@nestjs/core/injector/instance-loader.js:40:13
          at async Promise.all (index 1)
      at TestingInstanceLoader.createInstances 
(../node_modules/@nestjs/core/injector/instance-loader.js:39:9)
      at TestingInstanceLoader.createInstancesOfDependencies 
(../node_modules/@nestjs/core/injector/instance-loader.js:22:13)
      at TestingInstanceLoader.createInstancesOfDependencies 
(../node_modules/@nestjs/testing/testing-instance-loader.js:9:9)
      at TestingModuleBuilder.createInstancesOfDependencies 
(../node_modules/@nestjs/testing/testing-module.builder.js:118:9)
      at TestingModuleBuilder.compile 
(../node_modules/@nestjs/testing/testing-module.builder.js:74:9)
      at Object.<anonymous> (user/user.service.spec.ts:8:35)

FAIL src/audit-log/audit-log.service.spec.ts
  ΓùÅ AuditLogService ΓÇ║ should be defined

    Nest can't resolve dependencies of the AuditLogService (?). Please 
make sure that the argument PrismaService at index [0] is available in the 
RootTestModule context.

    Potential solutions:
    - Is RootTestModule a valid NestJS module?
    - If PrismaService is a provider, is it part of the current 
RootTestModule?
    - If PrismaService is exported from a separate @Module, is that module 
imported within RootTestModule?
      @Module({
        imports: [ /* the Module containing PrismaService */ ]
      })

    [0m [90m  6 |[39m
     [90m  7 |[39m   beforeEach([36masync[39m () [33m=>[39m {
    [31m[1m>[22m[39m[90m  8 |[39m     [36mconst[39m 
module[33m:[39m [33mTestingModule[39m [33m=[39m [36mawait[39m 
[33mTest[39m[33m.[39mcreateTestingModule({
     [90m    |[39m                                   [31m[1m^[22m[39m
     [90m  9 |[39m       providers[33m:[39m 
[[33mAuditLogService[39m][33m,[39m
     [90m 10 |[39m     })[33m.[39mcompile()[33m;[39m
     [90m 11 |[39m[0m

      at TestingInjector.lookupComponentInParentModules 
(../node_modules/@nestjs/core/injector/injector.js:262:19)
      at TestingInjector.resolveComponentInstance 
(../node_modules/@nestjs/core/injector/injector.js:215:33)
      at TestingInjector.resolveComponentInstance 
(../node_modules/@nestjs/testing/testing-injector.js:19:45)
      at resolveParam 
(../node_modules/@nestjs/core/injector/injector.js:129:38)
          at async Promise.all (index 0)
      at TestingInjector.resolveConstructorParams 
(../node_modules/@nestjs/core/injector/injector.js:144:27)
      at TestingInjector.loadInstance 
(../node_modules/@nestjs/core/injector/injector.js:70:13)
      at TestingInjector.loadProvider 
(../node_modules/@nestjs/core/injector/injector.js:98:9)
      at ../node_modules/@nestjs/core/injector/instance-loader.js:56:13
          at async Promise.all (index 3)
      at TestingInstanceLoader.createInstancesOfProviders 
(../node_modules/@nestjs/core/injector/instance-loader.js:55:9)
      at ../node_modules/@nestjs/core/injector/instance-loader.js:40:13
          at async Promise.all (index 1)
      at TestingInstanceLoader.createInstances 
(../node_modules/@nestjs/core/injector/instance-loader.js:39:9)
      at TestingInstanceLoader.createInstancesOfDependencies 
(../node_modules/@nestjs/core/injector/instance-loader.js:22:13)
      at TestingInstanceLoader.createInstancesOfDependencies 
(../node_modules/@nestjs/testing/testing-instance-loader.js:9:9)
      at TestingModuleBuilder.createInstancesOfDependencies 
(../node_modules/@nestjs/testing/testing-module.builder.js:118:9)
      at TestingModuleBuilder.compile 
(../node_modules/@nestjs/testing/testing-module.builder.js:74:9)
      at Object.<anonymous> (audit-log/audit-log.service.spec.ts:8:35)

FAIL src/auth/auth.controller.spec.ts (14.872 s)
  ΓùÅ AuthController ΓÇ║ should be defined

    Nest can't resolve dependencies of the AuthController (?, 
PrismaService). Please make sure that the argument AuthService at index 
[0] is available in the RootTestModule context.

    Potential solutions:
    - Is RootTestModule a valid NestJS module?
    - If AuthService is a provider, is it part of the current 
RootTestModule?
    - If AuthService is exported from a separate @Module, is that module 
imported within RootTestModule?
      @Module({
        imports: [ /* the Module containing AuthService */ ]
      })

    [0m [90m  6 |[39m
     [90m  7 |[39m   beforeEach([36masync[39m () [33m=>[39m {
    [31m[1m>[22m[39m[90m  8 |[39m     [36mconst[39m 
module[33m:[39m [33mTestingModule[39m [33m=[39m [36mawait[39m 
[33mTest[39m[33m.[39mcreateTestingModule({
     [90m    |[39m                                   [31m[1m^[22m[39m
     [90m  9 |[39m       controllers[33m:[39m 
[[33mAuthController[39m][33m,[39m
     [90m 10 |[39m     })[33m.[39mcompile()[33m;[39m
     [90m 11 |[39m[0m

      at TestingInjector.lookupComponentInParentModules 
(../node_modules/@nestjs/core/injector/injector.js:262:19)
      at TestingInjector.resolveComponentInstance 
(../node_modules/@nestjs/core/injector/injector.js:215:33)
      at TestingInjector.resolveComponentInstance 
(../node_modules/@nestjs/testing/testing-injector.js:19:45)
      at resolveParam 
(../node_modules/@nestjs/core/injector/injector.js:129:38)
          at async Promise.all (index 0)
      at TestingInjector.resolveConstructorParams 
(../node_modules/@nestjs/core/injector/injector.js:144:27)
      at TestingInjector.loadInstance 
(../node_modules/@nestjs/core/injector/injector.js:70:13)
      at TestingInjector.loadController 
(../node_modules/@nestjs/core/injector/injector.js:89:9)
      at ../node_modules/@nestjs/core/injector/instance-loader.js:68:13
          at async Promise.all (index 0)
      at TestingInstanceLoader.createInstancesOfControllers 
(../node_modules/@nestjs/core/injector/instance-loader.js:67:9)
      at ../node_modules/@nestjs/core/injector/instance-loader.js:42:13
          at async Promise.all (index 1)
      at TestingInstanceLoader.createInstances 
(../node_modules/@nestjs/core/injector/instance-loader.js:39:9)
      at TestingInstanceLoader.createInstancesOfDependencies 
(../node_modules/@nestjs/core/injector/instance-loader.js:22:13)
      at TestingInstanceLoader.createInstancesOfDependencies 
(../node_modules/@nestjs/testing/testing-instance-loader.js:9:9)
      at TestingModuleBuilder.createInstancesOfDependencies 
(../node_modules/@nestjs/testing/testing-module.builder.js:118:9)
      at TestingModuleBuilder.compile 
(../node_modules/@nestjs/testing/testing-module.builder.js:74:9)
      at Object.<anonymous> (auth/auth.controller.spec.ts:8:35)

FAIL src/user/user.controller.spec.ts (15.661 s)
  ΓùÅ UserController ΓÇ║ should be defined

    Nest can't resolve dependencies of the UserController (?). Please make 
sure that the argument UserService at index [0] is available in the 
RootTestModule context.

    Potential solutions:
    - Is RootTestModule a valid NestJS module?
    - If UserService is a provider, is it part of the current 
RootTestModule?
    - If UserService is exported from a separate @Module, is that module 
imported within RootTestModule?
      @Module({
        imports: [ /* the Module containing UserService */ ]
      })

    [0m [90m  6 |[39m
     [90m  7 |[39m   beforeEach([36masync[39m () [33m=>[39m {
    [31m[1m>[22m[39m[90m  8 |[39m     [36mconst[39m 
module[33m:[39m [33mTestingModule[39m [33m=[39m [36mawait[39m 
[33mTest[39m[33m.[39mcreateTestingModule({
     [90m    |[39m                                   [31m[1m^[22m[39m
     [90m  9 |[39m       controllers[33m:[39m 
[[33mUserController[39m][33m,[39m
     [90m 10 |[39m     })[33m.[39mcompile()[33m;[39m
     [90m 11 |[39m[0m

      at TestingInjector.lookupComponentInParentModules 
(../node_modules/@nestjs/core/injector/injector.js:262:19)
      at TestingInjector.resolveComponentInstance 
(../node_modules/@nestjs/core/injector/injector.js:215:33)
      at TestingInjector.resolveComponentInstance 
(../node_modules/@nestjs/testing/testing-injector.js:19:45)
      at resolveParam 
(../node_modules/@nestjs/core/injector/injector.js:129:38)
          at async Promise.all (index 0)
      at TestingInjector.resolveConstructorParams 
(../node_modules/@nestjs/core/injector/injector.js:144:27)
      at TestingInjector.loadInstance 
(../node_modules/@nestjs/core/injector/injector.js:70:13)
      at TestingInjector.loadController 
(../node_modules/@nestjs/core/injector/injector.js:89:9)
      at ../node_modules/@nestjs/core/injector/instance-loader.js:68:13
          at async Promise.all (index 0)
      at TestingInstanceLoader.createInstancesOfControllers 
(../node_modules/@nestjs/core/injector/instance-loader.js:67:9)
      at ../node_modules/@nestjs/core/injector/instance-loader.js:42:13
          at async Promise.all (index 1)
      at TestingInstanceLoader.createInstances 
(../node_modules/@nestjs/core/injector/instance-loader.js:39:9)
      at TestingInstanceLoader.createInstancesOfDependencies 
(../node_modules/@nestjs/core/injector/instance-loader.js:22:13)
      at TestingInstanceLoader.createInstancesOfDependencies 
(../node_modules/@nestjs/testing/testing-instance-loader.js:9:9)
      at TestingModuleBuilder.createInstancesOfDependencies 
(../node_modules/@nestjs/testing/testing-module.builder.js:118:9)
      at TestingModuleBuilder.compile 
(../node_modules/@nestjs/testing/testing-module.builder.js:74:9)
      at Object.<anonymous> (user/user.controller.spec.ts:8:35)

PASS src/app.controller.spec.ts
FAIL src/audit-log/audit-log.controller.spec.ts (15.712 s)
  ΓùÅ AuditLogController ΓÇ║ should be defined

    Nest can't resolve dependencies of the TrialGuard (?). Please make 
sure that the argument SubscriptionService at index [0] is available in 
the RootTestModule context.

    Potential solutions:
    - Is RootTestModule a valid NestJS module?
    - If SubscriptionService is a provider, is it part of the current 
RootTestModule?
    - If SubscriptionService is exported from a separate @Module, is that 
module imported within RootTestModule?
      @Module({
        imports: [ /* the Module containing SubscriptionService */ ]
      })

    [0m [90m  6 |[39m
     [90m  7 |[39m   beforeEach([36masync[39m () [33m=>[39m {
    [31m[1m>[22m[39m[90m  8 |[39m     [36mconst[39m 
module[33m:[39m [33mTestingModule[39m [33m=[39m [36mawait[39m 
[33mTest[39m[33m.[39mcreateTestingModule({
     [90m    |[39m                                   [31m[1m^[22m[39m
     [90m  9 |[39m       controllers[33m:[39m 
[[33mAuditLogController[39m][33m,[39m
     [90m 10 |[39m     })[33m.[39mcompile()[33m;[39m
     [90m 11 |[39m[0m

      at TestingInjector.lookupComponentInParentModules 
(../node_modules/@nestjs/core/injector/injector.js:262:19)
      at TestingInjector.resolveComponentInstance 
(../node_modules/@nestjs/core/injector/injector.js:215:33)
      at TestingInjector.resolveComponentInstance 
(../node_modules/@nestjs/testing/testing-injector.js:19:45)
      at resolveParam 
(../node_modules/@nestjs/core/injector/injector.js:129:38)
          at async Promise.all (index 0)
      at TestingInjector.resolveConstructorParams 
(../node_modules/@nestjs/core/injector/injector.js:144:27)
      at TestingInjector.loadInstance 
(../node_modules/@nestjs/core/injector/injector.js:70:13)
      at TestingInjector.loadInjectable 
(../node_modules/@nestjs/core/injector/injector.js:94:9)
      at ../node_modules/@nestjs/core/injector/instance-loader.js:80:13
          at async Promise.all (index 1)
      at TestingInstanceLoader.createInstancesOfInjectables 
(../node_modules/@nestjs/core/injector/instance-loader.js:79:9)
      at ../node_modules/@nestjs/core/injector/instance-loader.js:41:13
          at async Promise.all (index 1)
      at TestingInstanceLoader.createInstances 
(../node_modules/@nestjs/core/injector/instance-loader.js:39:9)
      at TestingInstanceLoader.createInstancesOfDependencies 
(../node_modules/@nestjs/core/injector/instance-loader.js:22:13)
      at TestingInstanceLoader.createInstancesOfDependencies 
(../node_modules/@nestjs/testing/testing-instance-loader.js:9:9)
      at TestingModuleBuilder.createInstancesOfDependencies 
(../node_modules/@nestjs/testing/testing-module.builder.js:118:9)
      at TestingModuleBuilder.compile 
(../node_modules/@nestjs/testing/testing-module.builder.js:74:9)
      at Object.<anonymous> (audit-log/audit-log.controller.spec.ts:8:35)

FAIL src/webhook/webhook.controller.spec.ts (15.972 s)
  ΓùÅ WebhookController ΓÇ║ should be defined

    Nest can't resolve dependencies of the WebhookController (?). Please 
make sure that the argument WebhookService at index [0] is available in 
the RootTestModule context.

    Potential solutions:
    - Is RootTestModule a valid NestJS module?
    - If WebhookService is a provider, is it part of the current 
RootTestModule?
    - If WebhookService is exported from a separate @Module, is that 
module imported within RootTestModule?
      @Module({
        imports: [ /* the Module containing WebhookService */ ]
      })

    [0m [90m  6 |[39m
     [90m  7 |[39m   beforeEach([36masync[39m () [33m=>[39m {
    [31m[1m>[22m[39m[90m  8 |[39m     [36mconst[39m 
module[33m:[39m [33mTestingModule[39m [33m=[39m [36mawait[39m 
[33mTest[39m[33m.[39mcreateTestingModule({
     [90m    |[39m                                   [31m[1m^[22m[39m
     [90m  9 |[39m       controllers[33m:[39m 
[[33mWebhookController[39m][33m,[39m
     [90m 10 |[39m     })[33m.[39mcompile()[33m;[39m
     [90m 11 |[39m[0m

      at TestingInjector.lookupComponentInParentModules 
(../node_modules/@nestjs/core/injector/injector.js:262:19)
      at TestingInjector.resolveComponentInstance 
(../node_modules/@nestjs/core/injector/injector.js:215:33)
      at TestingInjector.resolveComponentInstance 
(../node_modules/@nestjs/testing/testing-injector.js:19:45)
      at resolveParam 
(../node_modules/@nestjs/core/injector/injector.js:129:38)
          at async Promise.all (index 0)
      at TestingInjector.resolveConstructorParams 
(../node_modules/@nestjs/core/injector/injector.js:144:27)
      at TestingInjector.loadInstance 
(../node_modules/@nestjs/core/injector/injector.js:70:13)
      at TestingInjector.loadController 
(../node_modules/@nestjs/core/injector/injector.js:89:9)
      at ../node_modules/@nestjs/core/injector/instance-loader.js:68:13
          at async Promise.all (index 0)
      at TestingInstanceLoader.createInstancesOfControllers 
(../node_modules/@nestjs/core/injector/instance-loader.js:67:9)
      at ../node_modules/@nestjs/core/injector/instance-loader.js:42:13
          at async Promise.all (index 1)
      at TestingInstanceLoader.createInstances 
(../node_modules/@nestjs/core/injector/instance-loader.js:39:9)
      at TestingInstanceLoader.createInstancesOfDependencies 
(../node_modules/@nestjs/core/injector/instance-loader.js:22:13)
      at TestingInstanceLoader.createInstancesOfDependencies 
(../node_modules/@nestjs/testing/testing-instance-loader.js:9:9)
      at TestingModuleBuilder.createInstancesOfDependencies 
(../node_modules/@nestjs/testing/testing-module.builder.js:118:9)
      at TestingModuleBuilder.compile 
(../node_modules/@nestjs/testing/testing-module.builder.js:74:9)
      at Object.<anonymous> (webhook/webhook.controller.spec.ts:8:35)

FAIL src/workflow-version/workflow-version.service.spec.ts
  ΓùÅ Test suite failed to run

    [96msrc/workflow-version/workflow-version.service.spec.ts[0m:[93m103
[0m:[93m9[0m - [91merror[0m[90m TS2345: [0mArgument of type 
'string' is not assignable to parameter of type 'number'.

    [7m103[0m         mockUserId,
    [7m   [0m [91m        ~~~~~~~~~~[0m
    [96msrc/workflow-version/workflow-version.service.spec.ts[0m:[93m121
[0m:[93m9[0m - [91merror[0m[90m TS2345: [0mArgument of type 
'string' is not assignable to parameter of type 'number'.

    [7m121[0m         mockUserId,
    [7m   [0m [91m        ~~~~~~~~~~[0m
    [96msrc/workflow-version/workflow-version.service.spec.ts[0m:[93m133
[0m:[93m66[0m - [91merror[0m[90m TS2345: [0mArgument of type 
'string' is not assignable to parameter of type 'number'.

    [7m133[0m         
service.findByWorkflowIdWithHistoryLimit(mockWorkflowId, mockUserId),
    [7m   [0m [91m                                                      
           ~~~~~~~~~~[0m
    [96msrc/workflow-version/workflow-version.service.spec.ts[0m:[93m208
[0m:[93m9[0m - [91merror[0m[90m TS2345: [0mArgument of type '{ id: 
string; hubspotId: string; name: string; }' is not assignable to parameter 
of type '{ name: string; id: string; createdAt: Date; hubspotId: string; 
ownerId: string; updatedAt: Date; isProtected: boolean; }'.
      Type '{ id: string; hubspotId: string; name: string; }' is missing 
the following properties from type '{ name: string; id: string; createdAt: 
Date; hubspotId: string; ownerId: string; updatedAt: Date; isProtected: 
boolean; }': createdAt, ownerId, updatedAt, isProtected

    [7m208[0m         mockWorkflow,
    [7m   [0m [91m        ~~~~~~~~~~~~[0m
    [96msrc/workflow-version/workflow-version.service.spec.ts[0m:[93m224
[0m:[93m38[0m - [91merror[0m[90m TS2345: [0mArgument of type '{ id: 
string; hubspotId: string; name: string; }' is not assignable to parameter 
of type '{ name: string; id: string; createdAt: Date; hubspotId: string; 
ownerId: string; updatedAt: Date; isProtected: boolean; }'.
      Type '{ id: string; hubspotId: string; name: string; }' is missing 
the following properties from type '{ name: string; id: string; createdAt: 
Date; hubspotId: string; ownerId: string; updatedAt: Date; isProtected: 
boolean; }': createdAt, ownerId, updatedAt, isProtected

    [7m224[0m         service.createInitialVersion(mockWorkflow, 
mockUserId, mockInitialData),
    [7m   [0m [91m                                     ~~~~~~~~~~~~[0m

FAIL src/workflow-version/workflow-version.controller.spec.ts
  ΓùÅ Test suite failed to run

    [96msrc/workflow-version/workflow-version.controller.spec.ts[0m:[93m
44[0m:[93m13[0m - [91merror[0m[90m TS7034: [0mVariable 'result' 
implicitly has type 'any[]' in some locations where its type cannot be 
determined.

    [7m44[0m       const result = [];
    [7m  [0m [91m            ~~~~~~[0m
    [96msrc/workflow-version/workflow-version.controller.spec.ts[0m:[93m
45[0m:[93m66[0m - [91merror[0m[90m TS7005: [0mVariable 'result' 
implicitly has an 'any[]' type.

    [7m45[0m       
service.findByWorkflowIdWithHistoryLimit.mockResolvedValue(result);
    [7m  [0m [91m                                                       
          ~~~~~~[0m
    [96msrc/workflow-version/workflow-version.controller.spec.ts[0m:[93m
49[0m:[93m14[0m - [91merror[0m[90m TS7005: [0mVariable 'result' 
implicitly has an 'any[]' type.

    [7m49[0m       ).toBe(result);
    [7m  [0m [91m             ~~~~~~[0m
    [96msrc/workflow-version/workflow-version.controller.spec.ts[0m:[93m
80[0m:[93m40[0m - [91merror[0m[90m TS2345: [0mArgument of type '{ 
snapshotType?: string; data?: any; id: string; }' is not assignable to 
parameter of type '{ id: string; workflowId: string; versionNumber: 
number; snapshotType: string; createdBy: string; createdAt: Date; data: 
JsonValue; } | Promise<{ id: string; workflowId: string; versionNumber: 
number; snapshotType: string; createdBy: string; createdAt: Date; data: 
JsonValue; }>'.
      Type '{ snapshotType?: string | undefined; data?: any; id: string; 
}' is missing the following properties from type '{ id: string; 
workflowId: string; versionNumber: number; snapshotType: string; 
createdBy: string; createdAt: Date; data: JsonValue; }': workflowId, 
versionNumber, createdBy, createdAt

    [7m80[0m       service.update.mockResolvedValue(result);
    [7m  [0m [91m                                       ~~~~~~[0m

FAIL src/workflow/workflow.service.spec.ts
  ΓùÅ Test suite failed to run

    [96msrc/workflow/workflow.service.ts[0m:[93m316[0m:[93m17[0m - 
[91merror[0m[90m TS2345: [0mArgument of type 'WorkflowResponse | { 
hubspotId: string; name: string; status: string; metadata: { protection: { 
initialProtection: true; protectedAt: string; protectedBy: string; }; }; 
}' is not assignable to parameter of type 'InputJsonObject'.
      Type 'WorkflowResponse' is not assignable to type 'InputJsonObject'.
        Index signature for type 'string' is missing in type 
'WorkflowResponse'.

    [7m316[0m                 hubspotWorkflowData || {
    [7m   [0m [91m                ~~~~~~~~~~~~~~~~~~~~~~~~[0m
    [7m317[0m                   hubspotId,
    [7m   [0m [91m~~~~~~~~~~~~~~~~~~~~~~~~~~~~[0m
    [7m...[0m 
    [7m326[0m                   },
    [7m   [0m [91m~~~~~~~~~~~~~~~~~~~~[0m
    [7m327[0m                 },
    [7m   [0m [91m~~~~~~~~~~~~~~~~~[0m
    [96msrc/workflow/workflow.service.ts[0m:[93m637[0m:[93m7[0m - 
[91merror[0m[90m TS2322: [0mType '{ id: string; name: string; 
lastSnapshot: string; versions: number; lastModifiedBy: string; status: 
string; protectionStatus: string; lastModified: string; steps: number; 
contacts: number; }[]' is not assignable to type 'WorkflowStatsDto[]'.
      Type '{ id: string; name: string; lastSnapshot: string; versions: 
number; lastModifiedBy: string; status: string; protectionStatus: string; 
lastModified: string; steps: number; contacts: number; }' is not 
assignable to type 'WorkflowStatsDto'.
        Types of property 'status' are incompatible.
          Type 'string' is not assignable to type '"active" | "inactive"'.

    [7m637[0m       return stats;
    [7m   [0m [91m      ~~~~~~[0m

FAIL src/workflow/workflow.controller.spec.ts
  ΓùÅ Test suite failed to run

    [96msrc/workflow/workflow.service.ts[0m:[93m316[0m:[93m17[0m - 
[91merror[0m[90m TS2345: [0mArgument of type 'WorkflowResponse | { 
hubspotId: string; name: string; status: string; metadata: { protection: { 
initialProtection: true; protectedAt: string; protectedBy: string; }; }; 
}' is not assignable to parameter of type 'InputJsonObject'.
      Type 'WorkflowResponse' is not assignable to type 'InputJsonObject'.
        Index signature for type 'string' is missing in type 
'WorkflowResponse'.

    [7m316[0m                 hubspotWorkflowData || {
    [7m   [0m [91m                ~~~~~~~~~~~~~~~~~~~~~~~~[0m
    [7m317[0m                   hubspotId,
    [7m   [0m [91m~~~~~~~~~~~~~~~~~~~~~~~~~~~~[0m
    [7m...[0m 
    [7m326[0m                   },
    [7m   [0m [91m~~~~~~~~~~~~~~~~~~~~[0m
    [7m327[0m                 },
    [7m   [0m [91m~~~~~~~~~~~~~~~~~[0m
    [96msrc/workflow/workflow.service.ts[0m:[93m637[0m:[93m7[0m - 
[91merror[0m[90m TS2322: [0mType '{ id: string; name: string; 
lastSnapshot: string; versions: number; lastModifiedBy: string; status: 
string; protectionStatus: string; lastModified: string; steps: number; 
contacts: number; }[]' is not assignable to type 'WorkflowStatsDto[]'.
      Type '{ id: string; name: string; lastSnapshot: string; versions: 
number; lastModifiedBy: string; status: string; protectionStatus: string; 
lastModified: string; steps: number; contacts: number; }' is not 
assignable to type 'WorkflowStatsDto'.
        Types of property 'status' are incompatible.
          Type 'string' is not assignable to type '"active" | "inactive"'.

    [7m637[0m       return stats;
    [7m   [0m [91m      ~~~~~~[0m

Test Suites: 13 failed, 1 passed, 14 total
Tests:       15 failed, 9 passed, 24 total
Snapshots:   0 total
Time:        22.716 s
Ran all test suites.
