node.exe : FAIL src/audit-log/audit-log.service.spec.ts (13.592 s)
At line:1 char:1
+ & "C:\Program Files\nodejs/node.exe" "C:\Program Files\nodejs/node_mo ...
+ ~~~~~~~~~~~~~~~~~~~~~~~~~~~~~~~~~~~~~~~~~~~~~~~~~~~~~~~~~~~~~~~~~~~~~
    + CategoryInfo          : NotSpecified: (FAIL src/audit-...c.ts (13.59 
   2 s):String) [], RemoteException
    + FullyQualifiedErrorId : NativeCommandError
 
  AuditLogService
    ├ù should be defined (48 ms)

  ΓùÅ AuditLogService ΓÇ║ should be defined

    Nest can't resolve dependencies of the AuditLogService (?). Please 
make sure that the argument PrismaService at index [0] is available in the 
RootTestModule context.

    Potential solutions:
    - Is RootTestModule a valid NestJS module?
    - If PrismaService is a provider, is it part of the current 
RootTestModule?
    - If PrismaService is exported from a separate @Module, is that module 
imported within RootTestModule?
      @Module({
        imports: [ /* the Module containing PrismaService */ ]
      })

    [0m [90m  6 |[39m
     [90m  7 |[39m   beforeEach([36masync[39m () [33m=>[39m {
    [31m[1m>[22m[39m[90m  8 |[39m     [36mconst[39m 
module[33m:[39m [33mTestingModule[39m [33m=[39m [36mawait[39m 
[33mTest[39m[33m.[39mcreateTestingModule({
     [90m    |[39m                                   [31m[1m^[22m[39m
     [90m  9 |[39m       providers[33m:[39m 
[[33mAuditLogService[39m][33m,[39m
     [90m 10 |[39m     })[33m.[39mcompile()[33m;[39m
     [90m 11 |[39m[0m

      at TestingInjector.lookupComponentInParentModules 
(../node_modules/@nestjs/core/injector/injector.js:262:19)
      at TestingInjector.resolveComponentInstance 
(../node_modules/@nestjs/core/injector/injector.js:215:33)
      at TestingInjector.resolveComponentInstance 
(../node_modules/@nestjs/testing/testing-injector.js:19:45)
      at resolveParam 
(../node_modules/@nestjs/core/injector/injector.js:129:38)
          at async Promise.all (index 0)
      at TestingInjector.resolveConstructorParams 
(../node_modules/@nestjs/core/injector/injector.js:144:27)
      at TestingInjector.loadInstance 
(../node_modules/@nestjs/core/injector/injector.js:70:13)
      at TestingInjector.loadProvider 
(../node_modules/@nestjs/core/injector/injector.js:98:9)
      at ../node_modules/@nestjs/core/injector/instance-loader.js:56:13
          at async Promise.all (index 3)
      at TestingInstanceLoader.createInstancesOfProviders 
(../node_modules/@nestjs/core/injector/instance-loader.js:55:9)
      at ../node_modules/@nestjs/core/injector/instance-loader.js:40:13
          at async Promise.all (index 1)
      at TestingInstanceLoader.createInstances 
(../node_modules/@nestjs/core/injector/instance-loader.js:39:9)
      at TestingInstanceLoader.createInstancesOfDependencies 
(../node_modules/@nestjs/core/injector/instance-loader.js:22:13)
      at TestingInstanceLoader.createInstancesOfDependencies 
(../node_modules/@nestjs/testing/testing-instance-loader.js:9:9)
      at TestingModuleBuilder.createInstancesOfDependencies 
(../node_modules/@nestjs/testing/testing-module.builder.js:118:9)
      at TestingModuleBuilder.compile 
(../node_modules/@nestjs/testing/testing-module.builder.js:74:9)
      at Object.<anonymous> (audit-log/audit-log.service.spec.ts:8:35)

FAIL src/user/user.service.spec.ts (13.729 s)
  UserService
    ├ù should be defined (75 ms)

  ΓùÅ UserService ΓÇ║ should be defined

    Nest can't resolve dependencies of the UserService (?). Please make 
sure that the argument PrismaService at index [0] is available in the 
RootTestModule context.

    Potential solutions:
    - Is RootTestModule a valid NestJS module?
    - If PrismaService is a provider, is it part of the current 
RootTestModule?
    - If PrismaService is exported from a separate @Module, is that module 
imported within RootTestModule?
      @Module({
        imports: [ /* the Module containing PrismaService */ ]
      })

    [0m [90m  6 |[39m
     [90m  7 |[39m   beforeEach([36masync[39m () [33m=>[39m {
    [31m[1m>[22m[39m[90m  8 |[39m     [36mconst[39m 
module[33m:[39m [33mTestingModule[39m [33m=[39m [36mawait[39m 
[33mTest[39m[33m.[39mcreateTestingModule({
     [90m    |[39m                                   [31m[1m^[22m[39m
     [90m  9 |[39m       providers[33m:[39m 
[[33mUserService[39m][33m,[39m
     [90m 10 |[39m     })[33m.[39mcompile()[33m;[39m
     [90m 11 |[39m[0m

      at TestingInjector.lookupComponentInParentModules 
(../node_modules/@nestjs/core/injector/injector.js:262:19)
      at TestingInjector.resolveComponentInstance 
(../node_modules/@nestjs/core/injector/injector.js:215:33)
      at TestingInjector.resolveComponentInstance 
(../node_modules/@nestjs/testing/testing-injector.js:19:45)
      at resolveParam 
(../node_modules/@nestjs/core/injector/injector.js:129:38)
          at async Promise.all (index 0)
      at TestingInjector.resolveConstructorParams 
(../node_modules/@nestjs/core/injector/injector.js:144:27)
      at TestingInjector.loadInstance 
(../node_modules/@nestjs/core/injector/injector.js:70:13)
      at TestingInjector.loadProvider 
(../node_modules/@nestjs/core/injector/injector.js:98:9)
      at ../node_modules/@nestjs/core/injector/instance-loader.js:56:13
          at async Promise.all (index 3)
      at TestingInstanceLoader.createInstancesOfProviders 
(../node_modules/@nestjs/core/injector/instance-loader.js:55:9)
      at ../node_modules/@nestjs/core/injector/instance-loader.js:40:13
          at async Promise.all (index 1)
      at TestingInstanceLoader.createInstances 
(../node_modules/@nestjs/core/injector/instance-loader.js:39:9)
      at TestingInstanceLoader.createInstancesOfDependencies 
(../node_modules/@nestjs/core/injector/instance-loader.js:22:13)
      at TestingInstanceLoader.createInstancesOfDependencies 
(../node_modules/@nestjs/testing/testing-instance-loader.js:9:9)
      at TestingModuleBuilder.createInstancesOfDependencies 
(../node_modules/@nestjs/testing/testing-module.builder.js:118:9)
      at TestingModuleBuilder.compile 
(../node_modules/@nestjs/testing/testing-module.builder.js:74:9)
      at Object.<anonymous> (user/user.service.spec.ts:8:35)

FAIL src/subscription/subscription.service.spec.ts (13.762 s)
  SubscriptionService
    getUserSubscription
      ΓêÜ should return subscription info with professional plan details 
(63 ms)
      ΓêÜ should return starter plan details if no subscription exists (15 
ms)
      ΓêÜ should throw error if user not found (47 ms)
    getTrialStatus
      ΓêÜ should return active trial status (7 ms)
      ΓêÜ should return expired trial status (12 ms)
      ΓêÜ should throw error for non-existent user (6 ms)
    checkSubscriptionExpiration
      ΓêÜ should return not expired for active subscription (6 ms)
      ├ù should mark subscription as expired when past billing date (15 ms)
      ΓêÜ should handle case with no subscription (8 ms)
    getNextPaymentInfo
      ├ù should return next payment info for active subscription (7 ms)
      ΓêÜ should return no subscription info when no subscription exists 
(6 ms)
      ├ù should indicate overdue payment for past billing date (6 ms)
    getUsageStats
      ├ù should return usage stats for user with workflows (6 ms)
      ΓêÜ should throw error for non-existent user (4 ms)
      ΓêÜ should return zero usage for user with no workflows (4 ms)

  ΓùÅ SubscriptionService ΓÇ║ checkSubscriptionExpiration ΓÇ║ should mark 
subscription as expired when past billing date

    expect(received).toBe(expected) // Object.is equality

    Expected: true
    Received: false

    [0m [90m 181 |[39m       [36mconst[39m result [33m=[39m 
[36mawait[39m 
service[33m.[39mcheckSubscriptionExpiration(userId)[33m;[39m
     [90m 182 |[39m
    [31m[1m>[22m[39m[90m 183 |[39m       expect(result[33m.[39misEx
pired)[33m.[39mtoBe([36mtrue[39m)[33m;[39m
     [90m     |[39m                                [31m[1m^[22m[39m
     [90m 184 |[39m       
expect(result[33m.[39mmessage)[33m.[39mtoBe([32m'Subscription has 
expired'[39m)[33m;[39m
     [90m 185 |[39m       expect(mockPrismaService[33m.[39msubscription
[33m.[39mupdate)[33m.[39mtoHaveBeenCalledWith({
     [90m 186 |[39m         where[33m:[39m { id[33m:[39m 
[32m'sub-1'[39m }[33m,[39m[0m

      at Object.<anonymous> 
(subscription/subscription.service.spec.ts:183:32)

  ΓùÅ SubscriptionService ΓÇ║ getNextPaymentInfo ΓÇ║ should return next 
payment info for active subscription

    expect(received).toBe(expected) // Object.is equality

    Expected: true
    Received: false

    [0m [90m 219 |[39m       [36mconst[39m result [33m=[39m 
[36mawait[39m service[33m.[39mgetNextPaymentInfo(userId)[33m;[39m
     [90m 220 |[39m
    [31m[1m>[22m[39m[90m 221 |[39m       expect(result[33m.[39mhasS
ubscription)[33m.[39mtoBe([36mtrue[39m)[33m;[39m
     [90m     |[39m                                      
[31m[1m^[22m[39m
     [90m 222 |[39m       
expect(result[33m.[39mnextPayment)[33m.[39mtoBeDefined()[33m;[39m
     [90m 223 |[39m       [36mif[39m (result[33m.[39mnextPayment) {
     [90m 224 |[39m         expect(result[33m.[39mnextPayment[33m.[39
mcurrency)[33m.[39mtoBe([32m'USD'[39m)[33m;[39m[0m

      at Object.<anonymous> 
(subscription/subscription.service.spec.ts:221:38)

  ΓùÅ SubscriptionService ΓÇ║ getNextPaymentInfo ΓÇ║ should indicate 
overdue payment for past billing date

    expect(received).toBe(expected) // Object.is equality

    Expected: true
    Received: false

    [0m [90m 253 |[39m       [36mconst[39m result [33m=[39m 
[36mawait[39m service[33m.[39mgetNextPaymentInfo(userId)[33m;[39m
     [90m 254 |[39m
    [31m[1m>[22m[39m[90m 255 |[39m       expect(result[33m.[39mhasS
ubscription)[33m.[39mtoBe([36mtrue[39m)[33m;[39m
     [90m     |[39m                                      
[31m[1m^[22m[39m
     [90m 256 |[39m       
expect(result[33m.[39mnextPayment)[33m.[39mtoBeDefined()[33m;[39m
     [90m 257 |[39m       [36mif[39m (result[33m.[39mnextPayment) {
     [90m 258 |[39m         expect(result[33m.[39mnextPayment[33m.[39
misOverdue)[33m.[39mtoBe([36mtrue[39m)[33m;[39m[0m

      at Object.<anonymous> 
(subscription/subscription.service.spec.ts:255:38)

  ΓùÅ SubscriptionService ΓÇ║ getUsageStats ΓÇ║ should return usage stats 
for user with workflows

    expect(received).toBe(expected) // Object.is equality

    Expected: 5
    Received: 25

    [0m [90m 280 |[39m
     [90m 281 |[39m       expect(result[33m.[39mworkflows[33m.[39muse
d)[33m.[39mtoBe([35m3[39m)[33m;[39m
    [31m[1m>[22m[39m[90m 282 |[39m       expect(result[33m.[39mwork
flows[33m.[39mlimit)[33m.[39mtoBe([35m5[39m)[33m;[39m
     [90m     |[39m                                      
[31m[1m^[22m[39m
     [90m 283 |[39m       expect(result[33m.[39mworkflows[33m.[39mper
centage)[33m.[39mtoBe([35m60[39m)[33m;[39m
     [90m 284 |[39m       
expect(result[33m.[39mversionHistory)[33m.[39mtoBeDefined()[33m;[39m
     [90m 285 |[39m       
expect(result[33m.[39mteamMembers)[33m.[39mtoBeDefined()[33m;[39m[0m

      at Object.<anonymous> 
(subscription/subscription.service.spec.ts:282:38)

FAIL src/auth/auth.controller.spec.ts (14.185 s)
  AuthController
    ├ù should be defined (85 ms)

  ΓùÅ AuthController ΓÇ║ should be defined

    Nest can't resolve dependencies of the AuthController (?, 
PrismaService). Please make sure that the argument AuthService at index 
[0] is available in the RootTestModule context.

    Potential solutions:
    - Is RootTestModule a valid NestJS module?
    - If AuthService is a provider, is it part of the current 
RootTestModule?
    - If AuthService is exported from a separate @Module, is that module 
imported within RootTestModule?
      @Module({
        imports: [ /* the Module containing AuthService */ ]
      })

    [0m [90m  6 |[39m
     [90m  7 |[39m   beforeEach([36masync[39m () [33m=>[39m {
    [31m[1m>[22m[39m[90m  8 |[39m     [36mconst[39m 
module[33m:[39m [33mTestingModule[39m [33m=[39m [36mawait[39m 
[33mTest[39m[33m.[39mcreateTestingModule({
     [90m    |[39m                                   [31m[1m^[22m[39m
     [90m  9 |[39m       controllers[33m:[39m 
[[33mAuthController[39m][33m,[39m
     [90m 10 |[39m     })[33m.[39mcompile()[33m;[39m
     [90m 11 |[39m[0m

      at TestingInjector.lookupComponentInParentModules 
(../node_modules/@nestjs/core/injector/injector.js:262:19)
      at TestingInjector.resolveComponentInstance 
(../node_modules/@nestjs/core/injector/injector.js:215:33)
      at TestingInjector.resolveComponentInstance 
(../node_modules/@nestjs/testing/testing-injector.js:19:45)
      at resolveParam 
(../node_modules/@nestjs/core/injector/injector.js:129:38)
          at async Promise.all (index 0)
      at TestingInjector.resolveConstructorParams 
(../node_modules/@nestjs/core/injector/injector.js:144:27)
      at TestingInjector.loadInstance 
(../node_modules/@nestjs/core/injector/injector.js:70:13)
      at TestingInjector.loadController 
(../node_modules/@nestjs/core/injector/injector.js:89:9)
      at ../node_modules/@nestjs/core/injector/instance-loader.js:68:13
          at async Promise.all (index 0)
      at TestingInstanceLoader.createInstancesOfControllers 
(../node_modules/@nestjs/core/injector/instance-loader.js:67:9)
      at ../node_modules/@nestjs/core/injector/instance-loader.js:42:13
          at async Promise.all (index 1)
      at TestingInstanceLoader.createInstances 
(../node_modules/@nestjs/core/injector/instance-loader.js:39:9)
      at TestingInstanceLoader.createInstancesOfDependencies 
(../node_modules/@nestjs/core/injector/instance-loader.js:22:13)
      at TestingInstanceLoader.createInstancesOfDependencies 
(../node_modules/@nestjs/testing/testing-instance-loader.js:9:9)
      at TestingModuleBuilder.createInstancesOfDependencies 
(../node_modules/@nestjs/testing/testing-module.builder.js:118:9)
      at TestingModuleBuilder.compile 
(../node_modules/@nestjs/testing/testing-module.builder.js:74:9)
      at Object.<anonymous> (auth/auth.controller.spec.ts:8:35)

PASS src/app.controller.spec.ts
  AppController
    root
      ΓêÜ should return "Hello World!" (12 ms)

PASS src/auth/auth.service.spec.ts
  AuthService
    ΓêÜ should be defined (13 ms)

PASS src/webhook/webhook.service.spec.ts
  WebhookService
    ΓêÜ should be defined (15 ms)

FAIL src/user/user.controller.spec.ts (15.179 s)
  UserController
    ├ù should be defined (72 ms)

  ΓùÅ UserController ΓÇ║ should be defined

    Nest can't resolve dependencies of the UserController (?). Please make 
sure that the argument UserService at index [0] is available in the 
RootTestModule context.

    Potential solutions:
    - Is RootTestModule a valid NestJS module?
    - If UserService is a provider, is it part of the current 
RootTestModule?
    - If UserService is exported from a separate @Module, is that module 
imported within RootTestModule?
      @Module({
        imports: [ /* the Module containing UserService */ ]
      })

    [0m [90m  6 |[39m
     [90m  7 |[39m   beforeEach([36masync[39m () [33m=>[39m {
    [31m[1m>[22m[39m[90m  8 |[39m     [36mconst[39m 
module[33m:[39m [33mTestingModule[39m [33m=[39m [36mawait[39m 
[33mTest[39m[33m.[39mcreateTestingModule({
     [90m    |[39m                                   [31m[1m^[22m[39m
     [90m  9 |[39m       controllers[33m:[39m 
[[33mUserController[39m][33m,[39m
     [90m 10 |[39m     })[33m.[39mcompile()[33m;[39m
     [90m 11 |[39m[0m

      at TestingInjector.lookupComponentInParentModules 
(../node_modules/@nestjs/core/injector/injector.js:262:19)
      at TestingInjector.resolveComponentInstance 
(../node_modules/@nestjs/core/injector/injector.js:215:33)
      at TestingInjector.resolveComponentInstance 
(../node_modules/@nestjs/testing/testing-injector.js:19:45)
      at resolveParam 
(../node_modules/@nestjs/core/injector/injector.js:129:38)
          at async Promise.all (index 0)
      at TestingInjector.resolveConstructorParams 
(../node_modules/@nestjs/core/injector/injector.js:144:27)
      at TestingInjector.loadInstance 
(../node_modules/@nestjs/core/injector/injector.js:70:13)
      at TestingInjector.loadController 
(../node_modules/@nestjs/core/injector/injector.js:89:9)
      at ../node_modules/@nestjs/core/injector/instance-loader.js:68:13
          at async Promise.all (index 0)
      at TestingInstanceLoader.createInstancesOfControllers 
(../node_modules/@nestjs/core/injector/instance-loader.js:67:9)
      at ../node_modules/@nestjs/core/injector/instance-loader.js:42:13
          at async Promise.all (index 1)
      at TestingInstanceLoader.createInstances 
(../node_modules/@nestjs/core/injector/instance-loader.js:39:9)
      at TestingInstanceLoader.createInstancesOfDependencies 
(../node_modules/@nestjs/core/injector/instance-loader.js:22:13)
      at TestingInstanceLoader.createInstancesOfDependencies 
(../node_modules/@nestjs/testing/testing-instance-loader.js:9:9)
      at TestingModuleBuilder.createInstancesOfDependencies 
(../node_modules/@nestjs/testing/testing-module.builder.js:118:9)
      at TestingModuleBuilder.compile 
(../node_modules/@nestjs/testing/testing-module.builder.js:74:9)
      at Object.<anonymous> (user/user.controller.spec.ts:8:35)

FAIL src/audit-log/audit-log.controller.spec.ts (15.322 s)
  AuditLogController
    ├ù should be defined (72 ms)

  ΓùÅ AuditLogController ΓÇ║ should be defined

    Nest can't resolve dependencies of the TrialGuard (?). Please make 
sure that the argument SubscriptionService at index [0] is available in 
the RootTestModule context.

    Potential solutions:
    - Is RootTestModule a valid NestJS module?
    - If SubscriptionService is a provider, is it part of the current 
RootTestModule?
    - If SubscriptionService is exported from a separate @Module, is that 
module imported within RootTestModule?
      @Module({
        imports: [ /* the Module containing SubscriptionService */ ]
      })

    [0m [90m  6 |[39m
     [90m  7 |[39m   beforeEach([36masync[39m () [33m=>[39m {
    [31m[1m>[22m[39m[90m  8 |[39m     [36mconst[39m 
module[33m:[39m [33mTestingModule[39m [33m=[39m [36mawait[39m 
[33mTest[39m[33m.[39mcreateTestingModule({
     [90m    |[39m                                   [31m[1m^[22m[39m
     [90m  9 |[39m       controllers[33m:[39m 
[[33mAuditLogController[39m][33m,[39m
     [90m 10 |[39m     })[33m.[39mcompile()[33m;[39m
     [90m 11 |[39m[0m

      at TestingInjector.lookupComponentInParentModules 
(../node_modules/@nestjs/core/injector/injector.js:262:19)
      at TestingInjector.resolveComponentInstance 
(../node_modules/@nestjs/core/injector/injector.js:215:33)
      at TestingInjector.resolveComponentInstance 
(../node_modules/@nestjs/testing/testing-injector.js:19:45)
      at resolveParam 
(../node_modules/@nestjs/core/injector/injector.js:129:38)
          at async Promise.all (index 0)
      at TestingInjector.resolveConstructorParams 
(../node_modules/@nestjs/core/injector/injector.js:144:27)
      at TestingInjector.loadInstance 
(../node_modules/@nestjs/core/injector/injector.js:70:13)
      at TestingInjector.loadInjectable 
(../node_modules/@nestjs/core/injector/injector.js:94:9)
      at ../node_modules/@nestjs/core/injector/instance-loader.js:80:13
          at async Promise.all (index 1)
      at TestingInstanceLoader.createInstancesOfInjectables 
(../node_modules/@nestjs/core/injector/instance-loader.js:79:9)
      at ../node_modules/@nestjs/core/injector/instance-loader.js:41:13
          at async Promise.all (index 1)
      at TestingInstanceLoader.createInstances 
(../node_modules/@nestjs/core/injector/instance-loader.js:39:9)
      at TestingInstanceLoader.createInstancesOfDependencies 
(../node_modules/@nestjs/core/injector/instance-loader.js:22:13)
      at TestingInstanceLoader.createInstancesOfDependencies 
(../node_modules/@nestjs/testing/testing-instance-loader.js:9:9)
      at TestingModuleBuilder.createInstancesOfDependencies 
(../node_modules/@nestjs/testing/testing-module.builder.js:118:9)
      at TestingModuleBuilder.compile 
(../node_modules/@nestjs/testing/testing-module.builder.js:74:9)
      at Object.<anonymous> (audit-log/audit-log.controller.spec.ts:8:35)

FAIL src/webhook/webhook.controller.spec.ts (15.375 s)
  WebhookController
    ├ù should be defined (63 ms)

  ΓùÅ WebhookController ΓÇ║ should be defined

    Nest can't resolve dependencies of the WebhookController (?). Please 
make sure that the argument WebhookService at index [0] is available in 
the RootTestModule context.

    Potential solutions:
    - Is RootTestModule a valid NestJS module?
    - If WebhookService is a provider, is it part of the current 
RootTestModule?
    - If WebhookService is exported from a separate @Module, is that 
module imported within RootTestModule?
      @Module({
        imports: [ /* the Module containing WebhookService */ ]
      })

    [0m [90m  6 |[39m
     [90m  7 |[39m   beforeEach([36masync[39m () [33m=>[39m {
    [31m[1m>[22m[39m[90m  8 |[39m     [36mconst[39m 
module[33m:[39m [33mTestingModule[39m [33m=[39m [36mawait[39m 
[33mTest[39m[33m.[39mcreateTestingModule({
     [90m    |[39m                                   [31m[1m^[22m[39m
     [90m  9 |[39m       controllers[33m:[39m 
[[33mWebhookController[39m][33m,[39m
     [90m 10 |[39m     })[33m.[39mcompile()[33m;[39m
     [90m 11 |[39m[0m

      at TestingInjector.lookupComponentInParentModules 
(../node_modules/@nestjs/core/injector/injector.js:262:19)
      at TestingInjector.resolveComponentInstance 
(../node_modules/@nestjs/core/injector/injector.js:215:33)
      at TestingInjector.resolveComponentInstance 
(../node_modules/@nestjs/testing/testing-injector.js:19:45)
      at resolveParam 
(../node_modules/@nestjs/core/injector/injector.js:129:38)
          at async Promise.all (index 0)
      at TestingInjector.resolveConstructorParams 
(../node_modules/@nestjs/core/injector/injector.js:144:27)
      at TestingInjector.loadInstance 
(../node_modules/@nestjs/core/injector/injector.js:70:13)
      at TestingInjector.loadController 
(../node_modules/@nestjs/core/injector/injector.js:89:9)
      at ../node_modules/@nestjs/core/injector/instance-loader.js:68:13
          at async Promise.all (index 0)
      at TestingInstanceLoader.createInstancesOfControllers 
(../node_modules/@nestjs/core/injector/instance-loader.js:67:9)
      at ../node_modules/@nestjs/core/injector/instance-loader.js:42:13
          at async Promise.all (index 1)
      at TestingInstanceLoader.createInstances 
(../node_modules/@nestjs/core/injector/instance-loader.js:39:9)
      at TestingInstanceLoader.createInstancesOfDependencies 
(../node_modules/@nestjs/core/injector/instance-loader.js:22:13)
      at TestingInstanceLoader.createInstancesOfDependencies 
(../node_modules/@nestjs/testing/testing-instance-loader.js:9:9)
      at TestingModuleBuilder.createInstancesOfDependencies 
(../node_modules/@nestjs/testing/testing-module.builder.js:118:9)
      at TestingModuleBuilder.compile 
(../node_modules/@nestjs/testing/testing-module.builder.js:74:9)
      at Object.<anonymous> (webhook/webhook.controller.spec.ts:8:35)

FAIL src/workflow-version/workflow-version.service.spec.ts
  ΓùÅ Test suite failed to run

    [96msrc/workflow-version/workflow-version.service.spec.ts[0m:[93m103
[0m:[93m9[0m - [91merror[0m[90m TS2345: [0mArgument of type 
'string' is not assignable to parameter of type 'number'.

    [7m103[0m         mockUserId,
    [7m   [0m [91m        ~~~~~~~~~~[0m
    [96msrc/workflow-version/workflow-version.service.spec.ts[0m:[93m121
[0m:[93m9[0m - [91merror[0m[90m TS2345: [0mArgument of type 
'string' is not assignable to parameter of type 'number'.

    [7m121[0m         mockUserId,
    [7m   [0m [91m        ~~~~~~~~~~[0m
    [96msrc/workflow-version/workflow-version.service.spec.ts[0m:[93m133
[0m:[93m66[0m - [91merror[0m[90m TS2345: [0mArgument of type 
'string' is not assignable to parameter of type 'number'.

    [7m133[0m         
service.findByWorkflowIdWithHistoryLimit(mockWorkflowId, mockUserId),
    [7m   [0m [91m                                                      
           ~~~~~~~~~~[0m

FAIL src/workflow-version/workflow-version.controller.spec.ts
  ΓùÅ Test suite failed to run

    [96msrc/workflow-version/workflow-version.controller.spec.ts[0m:[93m
44[0m:[93m13[0m - [91merror[0m[90m TS7034: [0mVariable 'result' 
implicitly has type 'any[]' in some locations where its type cannot be 
determined.

    [7m44[0m       const result = [];
    [7m  [0m [91m            ~~~~~~[0m
    [96msrc/workflow-version/workflow-version.controller.spec.ts[0m:[93m
45[0m:[93m66[0m - [91merror[0m[90m TS7005: [0mVariable 'result' 
implicitly has an 'any[]' type.

    [7m45[0m       
service.findByWorkflowIdWithHistoryLimit.mockResolvedValue(result);
    [7m  [0m [91m                                                       
          ~~~~~~[0m
    [96msrc/workflow-version/workflow-version.controller.spec.ts[0m:[93m
49[0m:[93m14[0m - [91merror[0m[90m TS7005: [0mVariable 'result' 
implicitly has an 'any[]' type.

    [7m49[0m       ).toBe(result);
    [7m  [0m [91m             ~~~~~~[0m

FAIL src/workflow/workflow.service.spec.ts
  ΓùÅ Test suite failed to run

    [96msrc/workflow/workflow.service.ts[0m:[93m21[0m:[93m10[0m - 
[91merror[0m[90m TS2305: [0mModule '"@prisma/client"' has no exported 
member 'Workflow'.

    [7m21[0m import { Workflow } from '@prisma/client';
    [7m  [0m [91m         ~~~~~~~~[0m
    [96msrc/workflow/workflow.service.ts[0m:[93m157[0m:[93m11[0m - 
[91merror[0m[90m TS2353: [0mObject literal may only specify known 
properties, and 'id' does not exist in type 'WorkflowDetails'.

    [7m157[0m           id: hubspotId,
    [7m   [0m [91m          ~~[0m
    [96msrc/workflow/workflow.service.ts[0m:[93m194[0m:[93m9[0m - 
[91merror[0m[90m TS2353: [0mObject literal may only specify known 
properties, and 'id' does not exist in type 'WorkflowDetails'.

    [7m194[0m         id: hubspotId,
    [7m   [0m [91m        ~~[0m
    [96msrc/workflow/workflow.service.ts[0m:[93m382[0m:[93m29[0m - 
[91merror[0m[90m TS7006: [0mParameter 'workflow' implicitly has an 
'any' type.

    [7m382[0m       return workflows.map((workflow) => ({
    [7m   [0m [91m                            ~~~~~~~~[0m
    [96msrc/workflow/workflow.service.ts[0m:[93m399[0m:[93m23[0m - 
[91merror[0m[90m TS7006: [0mParameter 'n' implicitly has an 'any' type.

    [7m399[0m                 .map((n) => n[0])
    [7m   [0m [91m                      ~[0m
    [96msrc/workflow/workflow.service.ts[0m:[93m609[0m:[93m36[0m - 
[91merror[0m[90m TS7006: [0mParameter 'workflow' implicitly has an 
'any' type.

    [7m609[0m       const stats = workflows.map((workflow) => {
    [7m   [0m [91m                                   ~~~~~~~~[0m
    [96msrc/workflow/workflow.service.ts[0m:[93m672[0m:[93m10[0m - 
[91merror[0m[90m TS7006: [0mParameter 'w' implicitly has an 'any' type.

    [7m672[0m         (w) => w.versions.length > 0,
    [7m   [0m [91m         ~[0m
    [96msrc/workflow/workflow.service.ts[0m:[93m675[0m:[93m10[0m - 
[91merror[0m[90m TS7006: [0mParameter 'sum' implicitly has an 'any' 
type.

    [7m675[0m         (sum, w) => sum + w.versions.length,
    [7m   [0m [91m         ~~~[0m
    [96msrc/workflow/workflow.service.ts[0m:[93m675[0m:[93m15[0m - 
[91merror[0m[90m TS7006: [0mParameter 'w' implicitly has an 'any' type.

    [7m675[0m         (sum, w) => sum + w.versions.length,
    [7m   [0m [91m              ~[0m
    [96msrc/workflow/workflow.service.ts[0m:[93m704[0m:[93m42[0m - 
[91merror[0m[90m TS7006: [0mParameter 'w' implicitly has an 'any' type.

    [7m704[0m               ...protectedWorkflows.map((w) =>
    [7m   [0m [91m                                         ~[0m
    [96msrc/workflow/workflow.service.ts[0m:[93m769[0m:[93m42[0m - 
[91merror[0m[90m TS7006: [0mParameter 'version' implicitly has an 
'any' type.

    [7m769[0m         versions: workflow.versions.map((version) => ({
    [7m   [0m [91m                                         ~~~~~~~[0m
    [96msrc/workflow/workflow.service.ts[0m:[93m821[0m:[93m35[0m - 
[91merror[0m[90m TS7006: [0mParameter 'workflow' implicitly has an 
'any' type.

    [7m821[0m         workflows: workflows.map((workflow) => ({
    [7m   [0m [91m                                  ~~~~~~~~[0m
    [96msrc/workflow/workflow.service.ts[0m:[93m826[0m:[93m44[0m - 
[91merror[0m[90m TS7006: [0mParameter 'version' implicitly has an 
'any' type.

    [7m826[0m           versions: workflow.versions.map((version) => ({
    [7m   [0m [91m                                           ~~~~~~~[0m

FAIL src/workflow/workflow.controller.spec.ts
  ΓùÅ Test suite failed to run

    [96msrc/workflow/workflow.service.ts[0m:[93m21[0m:[93m10[0m - 
[91merror[0m[90m TS2305: [0mModule '"@prisma/client"' has no exported 
member 'Workflow'.

    [7m21[0m import { Workflow } from '@prisma/client';
    [7m  [0m [91m         ~~~~~~~~[0m
    [96msrc/workflow/workflow.service.ts[0m:[93m157[0m:[93m11[0m - 
[91merror[0m[90m TS2353: [0mObject literal may only specify known 
properties, and 'id' does not exist in type 'WorkflowDetails'.

    [7m157[0m           id: hubspotId,
    [7m   [0m [91m          ~~[0m
    [96msrc/workflow/workflow.service.ts[0m:[93m194[0m:[93m9[0m - 
[91merror[0m[90m TS2353: [0mObject literal may only specify known 
properties, and 'id' does not exist in type 'WorkflowDetails'.

    [7m194[0m         id: hubspotId,
    [7m   [0m [91m        ~~[0m
    [96msrc/workflow/workflow.service.ts[0m:[93m382[0m:[93m29[0m - 
[91merror[0m[90m TS7006: [0mParameter 'workflow' implicitly has an 
'any' type.

    [7m382[0m       return workflows.map((workflow) => ({
    [7m   [0m [91m                            ~~~~~~~~[0m
    [96msrc/workflow/workflow.service.ts[0m:[93m399[0m:[93m23[0m - 
[91merror[0m[90m TS7006: [0mParameter 'n' implicitly has an 'any' type.

    [7m399[0m                 .map((n) => n[0])
    [7m   [0m [91m                      ~[0m
    [96msrc/workflow/workflow.service.ts[0m:[93m609[0m:[93m36[0m - 
[91merror[0m[90m TS7006: [0mParameter 'workflow' implicitly has an 
'any' type.

    [7m609[0m       const stats = workflows.map((workflow) => {
    [7m   [0m [91m                                   ~~~~~~~~[0m
    [96msrc/workflow/workflow.service.ts[0m:[93m672[0m:[93m10[0m - 
[91merror[0m[90m TS7006: [0mParameter 'w' implicitly has an 'any' type.

    [7m672[0m         (w) => w.versions.length > 0,
    [7m   [0m [91m         ~[0m
    [96msrc/workflow/workflow.service.ts[0m:[93m675[0m:[93m10[0m - 
[91merror[0m[90m TS7006: [0mParameter 'sum' implicitly has an 'any' 
type.

    [7m675[0m         (sum, w) => sum + w.versions.length,
    [7m   [0m [91m         ~~~[0m
    [96msrc/workflow/workflow.service.ts[0m:[93m675[0m:[93m15[0m - 
[91merror[0m[90m TS7006: [0mParameter 'w' implicitly has an 'any' type.

    [7m675[0m         (sum, w) => sum + w.versions.length,
    [7m   [0m [91m              ~[0m
    [96msrc/workflow/workflow.service.ts[0m:[93m704[0m:[93m42[0m - 
[91merror[0m[90m TS7006: [0mParameter 'w' implicitly has an 'any' type.

    [7m704[0m               ...protectedWorkflows.map((w) =>
    [7m   [0m [91m                                         ~[0m
    [96msrc/workflow/workflow.service.ts[0m:[93m769[0m:[93m42[0m - 
[91merror[0m[90m TS7006: [0mParameter 'version' implicitly has an 
'any' type.

    [7m769[0m         versions: workflow.versions.map((version) => ({
    [7m   [0m [91m                                         ~~~~~~~[0m
    [96msrc/workflow/workflow.service.ts[0m:[93m821[0m:[93m35[0m - 
[91merror[0m[90m TS7006: [0mParameter 'workflow' implicitly has an 
'any' type.

    [7m821[0m         workflows: workflows.map((workflow) => ({
    [7m   [0m [91m                                  ~~~~~~~~[0m
    [96msrc/workflow/workflow.service.ts[0m:[93m826[0m:[93m44[0m - 
[91merror[0m[90m TS7006: [0mParameter 'version' implicitly has an 
'any' type.

    [7m826[0m           versions: workflow.versions.map((version) => ({
    [7m   [0m [91m                                           ~~~~~~~[0m

Test Suites: 11 failed, 3 passed, 14 total
Tests:       10 failed, 14 passed, 24 total
Snapshots:   0 total
Time:        21.049 s
Ran all test suites.
